// Jest Snapshot v1, https://goo.gl/fbAQLP

exports[`entity - mapEntityComponent() - v3-entity.yaml #mapEntityComponent() - full 1`] = `
{
  "apiVersion": "v3",
  "integrations": {
    "opsgenie": {
      "region": "US",
      "serviceURL": "https://opsgenie.example.com/service-url",
    },
    "pagerduty": {
      "serviceURL": "https://pagerduty.example.com/service-url",
    },
  },
  "kind": "system",
  "metadata": {
    "additionalOwners": [
      {
        "name": "sre-team",
        "type": "operator",
      },
    ],
    "contacts": [
      {
        "contact": "https://my-org.slack.com/archives/oncall",
        "name": "Oncall Slack",
        "type": "slack",
      },
    ],
    "description": "A service for handling shopping cart interactions",
    "displayName": "Shopping Cart Service",
    "links": [
      {
        "name": "Runbook",
        "provider": "Confluence",
        "type": "runbook",
        "url": "https://my-runbook.com",
      },
    ],
    "name": "shopping-cart",
    "owner": "shopping-team",
    "tags": [
      "e-commerce",
      "cart",
    ],
  },
}
`;

exports[`integration - mapIntegration() - v3-integrations.yaml #mapIntegration() - full 1`] = `
{
  "opsgenie": {
    "region": "US",
    "serviceURL": "https://opsgenie.example.com/service-url",
  },
  "pagerduty": {
    "serviceURL": "https://pagerduty.example.com/service-url",
  },
}
`;

exports[`metadata - mapComponentMetadata() - v3-metadata.yaml #mapComponentMetadata() - full 1`] = `
{
  "additionalOwners": [
    {
      "name": "additionalTeam1",
      "type": "support",
    },
    {
      "name": "additionalTeam2",
      "type": "qa",
    },
  ],
  "contacts": [
    {
      "contact": "https://my-org.slack.com/archives/my-channel",
      "name": "Oncall Slack",
      "type": "slack",
    },
    {
      "contact": "contact@datadoghq.com",
      "name": "Team Email",
      "type": "email",
    },
  ],
  "description": "Short description of my service.",
  "displayName": "My Service",
  "inheritFrom": "application:default/myapp",
  "links": [
    {
      "name": "Runbook",
      "provider": "Confluence",
      "type": "runbook",
      "url": "https://my-runbook.com",
    },
    {
      "name": "Dashboard",
      "provider": "Datadog",
      "type": "dashboard",
      "url": "https://my-dashboard.com",
    },
  ],
  "name": "myService",
  "owner": "myTeam",
  "tags": [
    "my:tag",
    "environment:production",
  ],
}
`;
